[2026-03-26 20:07:44] Hardware monitor started
[2026-03-26 20:08:15] CPU  30.3%  RAM 4.9/252GB (2.7%)  |  GPU: pynvml error (Not Supported)
[2026-03-26 20:08:46] CPU  20.0%  RAM 4.6/252GB (2.5%)  |  GPU: pynvml error (Not Supported)
[2026-03-26 20:09:17] CPU  17.5%  RAM 4.3/252GB (2.4%)  |  GPU: pynvml error (Not Supported)
[2026-03-26 20:09:48] CPU  20.0%  RAM 4.3/252GB (2.4%)  |  GPU: pynvml error (Not Supported)
[2026-03-26 20:10:19] CPU  21.9%  RAM 4.2/252GB (2.4%)  |  GPU: pynvml error (Not Supported)
[2026-03-26 20:10:50] CPU  20.4%  RAM 4.3/252GB (2.4%)  |  GPU: pynvml error (Not Supported)
[2026-03-26 20:11:21] CPU  20.2%  RAM 4.4/252GB (2.5%)  |  GPU: pynvml error (Not Supported)
[2026-03-26 20:11:52] CPU  19.4%  RAM 4.4/252GB (2.4%)  |  GPU: pynvml error (Not Supported)
[2026-03-26 20:12:23] CPU  21.9%  RAM 4.3/252GB (2.4%)  |  GPU: pynvml error (Not Supported)
[2026-03-26 20:12:54] CPU  24.7%  RAM 4.9/252GB (2.7%)  |  GPU: pynvml error (Not Supported)
[2026-03-26 20:13:25] CPU  21.4%  RAM 4.6/252GB (2.5%)  |  GPU: pynvml error (Not Supported)
[2026-03-26 20:13:56] CPU  22.5%  RAM 4.5/252GB (2.5%)  |  GPU: pynvml error (Not Supported)
[2026-03-26 20:14:27] CPU  19.0%  RAM 4.4/252GB (2.4%)  |  GPU: pynvml error (Not Supported)
[2026-03-26 20:14:58] CPU  21.5%  RAM 4.4/252GB (2.5%)  |  GPU: pynvml error (Not Supported)
[2026-03-26 20:15:29] CPU  22.3%  RAM 4.3/252GB (2.4%)  |  GPU: pynvml error (Not Supported)
[2026-03-26 20:16:00] CPU  21.4%  RAM 4.7/252GB (2.6%)  |  GPU: pynvml error (Not Supported)
[2026-03-26 20:16:31] CPU  20.8%  RAM 4.7/252GB (2.6%)  |  GPU: pynvml error (Not Supported)
[2026-03-26 20:17:02] CPU  20.3%  RAM 4.5/252GB (2.5%)  |  GPU: pynvml error (Not Supported)
[2026-03-26 20:17:33] CPU  23.6%  RAM 4.6/252GB (2.5%)  |  GPU: pynvml error (Not Supported)
[2026-03-26 20:18:04] CPU  24.5%  RAM 4.4/252GB (2.4%)  |  GPU: pynvml error (Not Supported)
[2026-03-26 20:18:35] CPU  23.5%  RAM 4.7/252GB (2.6%)  |  GPU: pynvml error (Not Supported)
[2026-03-26 20:19:06] CPU  21.5%  RAM 4.6/252GB (2.5%)  |  GPU: pynvml error (Not Supported)
[2026-03-26 20:19:37] CPU  20.9%  RAM 4.6/252GB (2.5%)  |  GPU: pynvml error (Not Supported)
[2026-03-26 20:20:08] CPU  19.4%  RAM 4.6/252GB (2.6%)  |  GPU: pynvml error (Not Supported)
[2026-03-26 20:20:39] CPU  20.6%  RAM 4.3/252GB (2.4%)  |  GPU: pynvml error (Not Supported)
[2026-03-26 20:21:10] CPU  20.3%  RAM 4.6/252GB (2.5%)  |  GPU: pynvml error (Not Supported)
[2026-03-26 20:21:41] CPU  21.0%  RAM 4.3/252GB (2.4%)  |  GPU: pynvml error (Not Supported)
[2026-03-26 20:22:12] CPU  23.2%  RAM 4.6/252GB (2.6%)  |  GPU: pynvml error (Not Supported)
[2026-03-26 20:22:43] CPU  21.1%  RAM 4.6/252GB (2.5%)  |  GPU: pynvml error (Not Supported)
[2026-03-26 20:23:14] CPU  19.5%  RAM 4.6/252GB (2.5%)  |  GPU: pynvml error (Not Supported)
[2026-03-26 20:23:45] CPU  20.5%  RAM 4.5/252GB (2.5%)  |  GPU: pynvml error (Not Supported)
[2026-03-26 20:24:16] CPU  23.9%  RAM 4.9/252GB (2.7%)  |  GPU: pynvml error (Not Supported)
[2026-03-26 20:24:47] CPU  20.7%  RAM 4.6/252GB (2.5%)  |  GPU: pynvml error (Not Supported)
[2026-03-26 20:25:18] CPU  22.0%  RAM 4.6/252GB (2.5%)  |  GPU: pynvml error (Not Supported)
[2026-03-26 20:25:49] CPU  23.0%  RAM 5.0/252GB (2.7%)  |  GPU: pynvml error (Not Supported)
[2026-03-26 20:26:20] CPU  19.0%  RAM 4.6/252GB (2.5%)  |  GPU: pynvml error (Not Supported)
[2026-03-26 20:26:51] CPU  18.6%  RAM 4.5/252GB (2.5%)  |  GPU: pynvml error (Not Supported)
[2026-03-26 20:27:22] CPU  21.9%  RAM 4.5/252GB (2.5%)  |  GPU: pynvml error (Not Supported)
[2026-03-26 20:27:53] CPU  20.6%  RAM 4.4/252GB (2.5%)  |  GPU: pynvml error (Not Supported)
[2026-03-26 20:28:24] CPU  21.4%  RAM 4.5/252GB (2.5%)  |  GPU: pynvml error (Not Supported)
[2026-03-26 20:28:55] CPU  19.0%  RAM 4.7/252GB (2.6%)  |  GPU: pynvml error (Not Supported)
[2026-03-26 20:29:26] CPU  19.7%  RAM 4.7/252GB (2.6%)  |  GPU: pynvml error (Not Supported)
[2026-03-26 20:29:57] CPU  22.7%  RAM 5.1/252GB (2.8%)  |  GPU: pynvml error (Not Supported)
[2026-03-26 20:30:28] CPU  19.5%  RAM 4.4/252GB (2.5%)  |  GPU: pynvml error (Not Supported)
[2026-03-26 20:30:59] CPU  22.8%  RAM 4.8/252GB (2.6%)  |  GPU: pynvml error (Not Supported)
[2026-03-26 20:31:30] CPU  20.1%  RAM 4.6/252GB (2.5%)  |  GPU: pynvml error (Not Supported)
[2026-03-26 20:32:02] CPU  19.5%  RAM 4.5/252GB (2.5%)  |  GPU: pynvml error (Not Supported)
[2026-03-26 20:32:33] CPU  19.0%  RAM 4.7/252GB (2.6%)  |  GPU: pynvml error (Not Supported)
[2026-03-26 20:33:04] CPU  20.5%  RAM 4.7/252GB (2.6%)  |  GPU: pynvml error (Not Supported)
[2026-03-26 20:33:35] CPU  19.7%  RAM 4.5/252GB (2.5%)  |  GPU: pynvml error (Not Supported)
[2026-03-26 20:34:06] CPU  19.9%  RAM 4.6/252GB (2.5%)  |  GPU: pynvml error (Not Supported)
[2026-03-26 20:34:37] CPU  20.6%  RAM 4.6/252GB (2.5%)  |  GPU: pynvml error (Not Supported)
[2026-03-26 20:35:08] CPU  25.1%  RAM 4.8/252GB (2.6%)  |  GPU: pynvml error (Not Supported)
[2026-03-26 20:35:39] CPU  22.6%  RAM 5.0/252GB (2.7%)  |  GPU: pynvml error (Not Supported)
[2026-03-26 20:36:10] CPU  19.4%  RAM 4.7/252GB (2.6%)  |  GPU: pynvml error (Not Supported)
[2026-03-26 20:36:38] Hardware monitor stopped
[2026-03-27 19:38:09] Hardware monitor started
[2026-03-27 19:38:40] CPU  19.5%  RAM 4.9/252GB (2.6%)  |  VRAM alloc 0.35GB  reserved 2.46GB  total 9.6GB
[2026-03-27 19:39:11] CPU  24.9%  RAM 5.6/252GB (3.0%)  |  VRAM alloc 0.35GB  reserved 2.46GB  total 9.6GB
[2026-03-27 19:39:42] CPU   6.6%  RAM 4.6/252GB (2.5%)  |  VRAM alloc 0.17GB  reserved 0.74GB  total 9.6GB
[2026-03-27 19:40:13] CPU  21.5%  RAM 4.9/252GB (2.7%)  |  VRAM alloc 0.35GB  reserved 2.46GB  total 9.6GB
[2026-03-27 19:40:44] CPU  22.2%  RAM 5.0/252GB (2.7%)  |  VRAM alloc 0.35GB  reserved 2.46GB  total 9.6GB
[2026-03-27 19:41:15] CPU  22.5%  RAM 4.9/252GB (2.7%)  |  VRAM alloc 0.35GB  reserved 2.46GB  total 9.6GB
[2026-03-27 19:41:46] CPU  22.7%  RAM 5.2/252GB (2.8%)  |  VRAM alloc 0.35GB  reserved 2.46GB  total 9.6GB
[2026-03-27 19:42:17] CPU  22.4%  RAM 4.9/252GB (2.7%)  |  VRAM alloc 0.35GB  reserved 2.46GB  total 9.6GB
[2026-03-27 19:42:48] CPU  21.6%  RAM 5.0/252GB (2.7%)  |  VRAM alloc 0.35GB  reserved 2.46GB  total 9.6GB
[2026-03-27 19:43:19] CPU  21.7%  RAM 4.9/252GB (2.7%)  |  VRAM alloc 0.35GB  reserved 2.46GB  total 9.6GB
[2026-03-27 19:43:50] CPU  22.4%  RAM 5.0/252GB (2.7%)  |  VRAM alloc 0.35GB  reserved 2.46GB  total 9.6GB
[2026-03-27 19:44:21] CPU  21.7%  RAM 5.0/252GB (2.7%)  |  VRAM alloc 0.35GB  reserved 2.46GB  total 9.6GB
[2026-03-27 19:44:52] CPU  24.0%  RAM 5.3/252GB (2.8%)  |  VRAM alloc 0.35GB  reserved 2.46GB  total 9.6GB
[2026-03-27 19:45:23] CPU  22.3%  RAM 4.9/252GB (2.7%)  |  VRAM alloc 0.35GB  reserved 2.46GB  total 9.6GB
[2026-03-27 19:45:54] CPU  21.3%  RAM 5.0/252GB (2.7%)  |  VRAM alloc 0.35GB  reserved 2.46GB  total 9.6GB
[2026-03-27 19:46:25] CPU  22.3%  RAM 4.9/252GB (2.7%)  |  VRAM alloc 0.35GB  reserved 2.46GB  total 9.6GB
[2026-03-27 19:46:56] CPU  22.6%  RAM 5.1/252GB (2.7%)  |  VRAM alloc 1.11GB  reserved 2.46GB  total 9.6GB
[2026-03-27 19:47:27] CPU  23.3%  RAM 5.2/252GB (2.8%)  |  VRAM alloc 0.35GB  reserved 2.46GB  total 9.6GB
[2026-03-27 19:47:58] CPU  22.5%  RAM 4.9/252GB (2.7%)  |  VRAM alloc 0.35GB  reserved 2.46GB  total 9.6GB
[2026-03-27 19:48:29] CPU  20.3%  RAM 5.0/252GB (2.7%)  |  VRAM alloc 0.35GB  reserved 2.46GB  total 9.6GB
[2026-03-27 19:49:00] CPU  25.7%  RAM 4.9/252GB (2.7%)  |  VRAM alloc 0.35GB  reserved 2.46GB  total 9.6GB
[2026-03-27 19:49:31] CPU  21.9%  RAM 5.0/252GB (2.7%)  |  VRAM alloc 0.35GB  reserved 2.46GB  total 9.6GB
[2026-03-27 19:50:02] CPU  21.7%  RAM 4.9/252GB (2.7%)  |  VRAM alloc 0.35GB  reserved 2.46GB  total 9.6GB
[2026-03-27 19:50:33] CPU  34.4%  RAM 5.5/252GB (2.9%)  |  VRAM alloc 0.35GB  reserved 2.46GB  total 9.6GB
[2026-03-27 19:51:04] CPU  21.2%  RAM 5.0/252GB (2.7%)  |  VRAM alloc 0.35GB  reserved 2.46GB  total 9.6GB
[2026-03-27 19:51:35] CPU  23.9%  RAM 4.7/252GB (2.6%)  |  VRAM alloc 0.35GB  reserved 2.46GB  total 9.6GB
[2026-03-27 19:52:06] CPU  21.1%  RAM 4.9/252GB (2.7%)  |  VRAM alloc 0.35GB  reserved 2.46GB  total 9.6GB
[2026-03-27 19:52:37] CPU  21.6%  RAM 4.9/252GB (2.7%)  |  VRAM alloc 0.35GB  reserved 2.46GB  total 9.6GB
[2026-03-27 19:53:08] CPU  24.2%  RAM 4.9/252GB (2.7%)  |  VRAM alloc 0.35GB  reserved 2.46GB  total 9.6GB
[2026-03-27 19:53:39] CPU  21.0%  RAM 5.0/252GB (2.7%)  |  VRAM alloc 0.35GB  reserved 2.46GB  total 9.6GB
[2026-03-27 19:54:10] CPU  23.4%  RAM 4.8/252GB (2.6%)  |  VRAM alloc 0.35GB  reserved 2.46GB  total 9.6GB
[2026-03-27 19:54:41] CPU  20.8%  RAM 5.0/252GB (2.7%)  |  VRAM alloc 0.35GB  reserved 2.46GB  total 9.6GB
[2026-03-27 19:55:12] CPU  22.3%  RAM 5.0/252GB (2.7%)  |  VRAM alloc 0.35GB  reserved 2.46GB  total 9.6GB
[2026-03-27 19:55:43] CPU  21.5%  RAM 4.9/252GB (2.7%)  |  VRAM alloc 0.35GB  reserved 2.46GB  total 9.6GB
[2026-03-27 19:56:14] CPU  22.4%  RAM 5.1/252GB (2.7%)  |  VRAM alloc 0.35GB  reserved 2.46GB  total 9.6GB
[2026-03-27 19:56:45] CPU  24.9%  RAM 4.9/252GB (2.6%)  |  VRAM alloc 0.35GB  reserved 2.46GB  total 9.6GB
[2026-03-27 19:57:16] CPU  21.7%  RAM 5.0/252GB (2.7%)  |  VRAM alloc 0.35GB  reserved 2.46GB  total 9.6GB
[2026-03-27 19:57:47] CPU  22.1%  RAM 5.0/252GB (2.7%)  |  VRAM alloc 0.35GB  reserved 2.46GB  total 9.6GB
[2026-03-27 19:58:18] CPU  21.1%  RAM 5.0/252GB (2.7%)  |  VRAM alloc 0.35GB  reserved 2.46GB  total 9.6GB
[2026-03-27 19:58:49] CPU  22.0%  RAM 5.0/252GB (2.7%)  |  VRAM alloc 0.35GB  reserved 2.46GB  total 9.6GB
[2026-03-27 19:59:20] CPU  24.1%  RAM 5.0/252GB (2.7%)  |  VRAM alloc 0.35GB  reserved 2.46GB  total 9.6GB
[2026-03-27 19:59:51] CPU  20.4%  RAM 5.1/252GB (2.7%)  |  VRAM alloc 0.49GB  reserved 2.53GB  total 9.6GB
[2026-03-27 20:00:22] CPU  21.0%  RAM 5.1/252GB (2.7%)  |  VRAM alloc 0.49GB  reserved 2.53GB  total 9.6GB
[2026-03-27 20:00:53] CPU  20.0%  RAM 4.8/252GB (2.6%)  |  VRAM alloc 0.20GB  reserved 2.68GB  total 9.6GB
[2026-03-27 20:01:24] CPU  20.7%  RAM 5.2/252GB (2.8%)  |  VRAM alloc 0.74GB  reserved 2.68GB  total 9.6GB
[2026-03-27 20:01:55] CPU  22.8%  RAM 5.2/252GB (2.8%)  |  VRAM alloc 0.49GB  reserved 2.68GB  total 9.6GB
[2026-03-27 20:02:26] CPU  22.1%  RAM 5.1/252GB (2.7%)  |  VRAM alloc 0.49GB  reserved 2.68GB  total 9.6GB
[2026-03-27 20:02:57] CPU  20.9%  RAM 5.0/252GB (2.7%)  |  VRAM alloc 0.49GB  reserved 2.68GB  total 9.6GB
[2026-03-27 20:03:28] CPU  21.4%  RAM 5.1/252GB (2.7%)  |  VRAM alloc 0.49GB  reserved 2.68GB  total 9.6GB
[2026-03-27 20:03:59] CPU  21.2%  RAM 5.4/252GB (2.8%)  |  VRAM alloc 0.49GB  reserved 2.68GB  total 9.6GB
[2026-03-27 20:04:30] CPU  20.9%  RAM 5.0/252GB (2.7%)  |  VRAM alloc 0.74GB  reserved 2.68GB  total 9.6GB
[2026-03-27 20:05:01] CPU  20.6%  RAM 5.1/252GB (2.7%)  |  VRAM alloc 0.49GB  reserved 2.68GB  total 9.6GB
[2026-03-27 20:05:32] CPU  22.4%  RAM 5.1/252GB (2.7%)  |  VRAM alloc 0.49GB  reserved 2.68GB  total 9.6GB
[2026-03-27 20:06:03] CPU  20.9%  RAM 5.0/252GB (2.7%)  |  VRAM alloc 0.49GB  reserved 2.68GB  total 9.6GB
[2026-03-27 20:06:34] CPU  23.0%  RAM 5.5/252GB (2.9%)  |  VRAM alloc 0.49GB  reserved 2.68GB  total 9.6GB
[2026-03-27 20:07:05] CPU  21.8%  RAM 5.0/252GB (2.7%)  |  VRAM alloc 0.49GB  reserved 2.68GB  total 9.6GB
[2026-03-27 20:07:36] CPU  24.1%  RAM 5.0/252GB (2.7%)  |  VRAM alloc 0.50GB  reserved 2.68GB  total 9.6GB
[2026-03-27 20:07:45] Hardware monitor stopped
